// Jest Snapshot v1, https://goo.gl/fbAQLP

exports[`Header component should match snapshot 1`] = `
<header
  className="main-header false"
>
  <img
    alt="BRAND NAME"
    className="main-header__logo"
    data-js="logo"
    src="/images/logo.svg"
  />
</header>
`;
