// Jest Snapshot v1, https://goo.gl/fbAQLP

exports[`Detail page should match snapshot 1`] = `
<div
  data-js="details-page"
>
  <Header
    internal={true}
  />
  <ItemDetail />
</div>
`;
